
Running `apk add --no-cache python3` at 2026-08-22 13:48:00
apk-tools 3.0.6-r0, compiled for x86.
( 1/17) Installing libexpat (2.8.3-r0)
( 2/17) Installing libbz2 (1.0.8-r6)
( 3/17) Installing libffi (3.5.2-r1)
( 4/17) Installing gdbm (1.26-r0)
( 5/17) Installing xz-libs (5.8.3-r0)
( 6/17) Installing libgcc (15.2.0-r5)
( 7/17) Installing libstdc++ (15.2.0-r5)
( 8/17) Installing mpdecimal (4.0.1-r0)
( 9/17) Installing ncurses-terminfo-base (6.6_p20260516-r0)
(10/17) Installing libncursesw (6.6_p20260516-r0)
(11/17) Installing libpanelw (6.6_p20260516-r0)
(12/17) Installing readline (8.3.3-r1)
(13/17) Installing sqlite-libs (3.53.4-r0)
(14/17) Installing python3 (3.14.7-r1)
(15/17) Installing python3-pycache-pyc0 (3.14.7-r1)
(16/17) Installing pyc (3.14.7-r1)
(17/17) Installing python3-pyc (3.14.7-r1)
Executing busybox-1.37.0-r31.trigger
OK: 46.5 MiB in 33 packages
